
########## ATTACH initial (single window) : 11 msgs ##########
option_set :: [b'option_set', [b'ambiwidth', b'single'], [b'arabicshape', True], [b'emoji', True], [b'guifont', b'OperatorMono Nerd Font:h16'], [b'guifontwide', b'HackGen Console NF:h15'], [b'linespace', 0], [b'mousefocus', False], [b'mousehide', True], [b'mousemoveevent', False], [b'pumblend', 10], [b'showtablin
set_icon :: [b'set_icon', [b'']]
set_title :: [b'set_title', [b'']]
chdir :: [b'chdir', [b'C:\\Users\\knt41\\projects\\nvim-winui-gui']]
option_set :: [b'option_set', [b'ext_linegrid', True], [b'ext_multigrid', True], [b'ext_hlstate', False], [b'ext_termcolors', False]]
default_colors_set :: [b'default_colors_set', [6517131, 2105386, 16711680, 0, 0]]
hl_attr_define :: [b'hl_attr_define', [1, {}, {}, []], [2, {b'bold': True}, {b'bold': True}, []], [3, {b'reverse': True, b'blend': 0}, {b'reverse': True, b'underline': True, b'blend': 0}, []], [4, {b'reverse': True}, {b'reverse': True}, []], [5, {b'bold': True}, {}, []], [6, {b'underline': True}, {b'underline': True}
hl_attr_define :: [b'hl_attr_define', [76, {b'bold': True, b'foreground': 12115691, b'background': 10991574}, {b'bold': True, b'underline': True}, []], [77, {b'foreground': 6517131}, {}, []], [78, {b'foreground': 6517131, b'background': 10991574}, {}, []], [79, {b'foreground': 15130552}, {b'foreground': 14}, []], [80
hl_attr_define :: [b'hl_attr_define', [167, {b'foreground': 11656100, b'background': 21795}, {b'foreground': 0, b'background': 10}, []], [168, {b'foreground': 11656100, b'background': 2105386}, {b'foreground': 0, b'background': 10}, []], [169, {b'bold': True, b'foreground': 15448505}, {b'bold': True, b'foreground': 9
hl_group_set :: [b'hl_group_set', [b'', 0], [b'SpecialKey', 81], [b'EndOfBuffer', 140], [b'TermCursor', 4], [b'NonText', 194], [b'Directory', 166], [b'ErrorMsg', 143], [b'IncSearch', 84], [b'Search', 74], [b'CurSearch', 19], [b'MoreMsg', 145], [b'ModeMsg', 144], [b'LineNr', 194], [b'LineNrAbove', 194], [b'LineNrBel
option_set :: [b'option_set', [b'ext_cmdline', False], [b'ext_popupmenu', False], [b'ext_tabline', False], [b'ext_wildmenu', False], [b'ext_messages', False]]
grid_resize :: [b'grid_resize', [3, 80, 24]]
msg_set_pos :: [b'msg_set_pos', [3, 24, False, b' ', 200, 1]]
default_colors_set :: [b'default_colors_set', [6517131, 2105386, 16711680, 0, 0]]
grid_resize :: [b'grid_resize', [1, 80, 30]]
win_viewport_margins :: [b'win_viewport_margins', [2, ExtType(code=1, data=b'\xcd\x03\xe8'), 0, 0, 0, 0]]
grid_clear :: [b'grid_clear', [1]]
msg_set_pos :: [b'msg_set_pos', [3, 30, False, b' ', 200, 1], [3, 30, False, b' ', 200, 1]]
grid_resize :: [b'grid_resize', [3, 80, 30]]
msg_set_pos :: [b'msg_set_pos', [3, 30, False, b' ', 200, 1]]
grid_line :: [b'grid_line', [1, 0, 0, [[b' ', 112], [b'['], [b'N'], [b'o'], [b' '], [b'N'], [b'a'], [b'm'], [b'e'], [b']'], [b' '], [b' ', 109, 69], [b' ', 0, 0]], False]]
grid_resize :: [b'grid_resize', [2, 80, 28]]
grid_line :: [b'grid_line', [2, 0, 0, [[b' ', 194, 2], [b'1'], [b' ', 194, 3], [b'\xe2\x86\xb2'], [b' ', 0, 73]], False], [2, 1, 0, [[b' ', 140], [b' ', 140, 79]], False], [2, 2, 0, [[b' ', 140], [b' ', 140, 79]], False], [2, 3, 0, [[b' ', 140], [b' ', 140, 79]], False], [2, 4, 0, [[b' ', 140], [b' ', 140, 79]],
grid_line :: [b'grid_line', [2, 15, 18, [[b't', 0], [b'y'], [b'p'], [b'e'], [b' ', 0, 2], [b':', 81], [b'c', 128], [b'h'], [b'e'], [b'c'], [b'k'], [b'h'], [b'e'], [b'a'], [b'l'], [b't'], [b'h'], [b'<', 81], [b'E'], [b'n'], [b't'], [b'e'], [b'r'], [b'>'], [b' ', 0, 3], [b't'], [b'o'], [b' '], [b'o'], [b'p'], [b't
win_pos :: [b'win_pos', [2, ExtType(code=1, data=b'\xcd\x03\xe8'), 1, 0, 80, 28]]
win_viewport :: [b'win_viewport', [2, ExtType(code=1, data=b'\xcd\x03\xe8'), 0, 2, 0, 0, 1, 0]]
grid_cursor_goto :: [b'grid_cursor_goto', [2, 0, 6]]
mode_info_set :: [b'mode_info_set', [True, [{b'name': b'normal', b'short_name': b'n', b'mouse_shape': 0, b'cursor_shape': b'block', b'cell_percentage': 0, b'blinkwait': 0, b'blinkon': 0, b'blinkoff': 0, b'hl_id': 0, b'id_lm': 0, b'attr_id': 0, b'attr_id_lm': 0}, {b'name': b'visual', b'short_name': b'v', b'mouse_shap
mouse_on :: [b'mouse_on', []]
flush :: [b'flush', []]
win_viewport_margins :: [b'win_viewport_margins', [2, ExtType(code=1, data=b'\xcd\x03\xe8'), 0, 0, 0, 0], [2, ExtType(code=1, data=b'\xcd\x03\xe8'), 0, 0, 0, 0]]
option_set :: [b'option_set', [b'showtabline', 0]]
hl_attr_define :: [b'hl_attr_define', [199, {b'foreground': 5348026}, {b'foreground': 74}, []], [200, {b'foreground': 15508759}, {b'foreground': 214}, []], [201, {b'foreground': 8947848}, {b'foreground': 102}, []], [202, {b'foreground': 8623203}, {b'foreground': 101}, []], [203, {b'foreground': 102866}, {b'foreground
hl_attr_define :: [b'hl_attr_define', [307, {b'foreground': 9060894}, {b'foreground': 124}, []], [308, {b'foreground': 13680449}, {b'foreground': 185}, []], [309, {b'foreground': 1401855}, {b'foreground': 27}, []], [310, {b'foreground': 1804788}, {b'foreground': 33}, []], [311, {b'foreground': 2126405}, {b'foreground
hl_attr_define :: [b'hl_attr_define', [415, {b'foreground': 3508827}, {b'foreground': 29}, []], [416, {b'foreground': 15628800}, {b'foreground': 208}, []], [417, {b'foreground': 15658734}, {b'foreground': 255}, []], [418, {b'foreground': 6129599}, {b'foreground': 67}, []], [419, {b'foreground': 7964363}, {b'foregroun
chdir :: [b'chdir', [b'C:/Users/knt41']]
win_pos :: [b'win_pos', [2, ExtType(code=1, data=b'\xcd\x03\xe8'), 0, 0, 80, 30]]
grid_resize :: [b'grid_resize', [2, 80, 30]]
grid_line :: [b'grid_line', [2, 0, 0, [[b' ', 67, 80]], False]]
hl_attr_define :: [b'hl_attr_define', [486, {b'bold': True, b'foreground': 14738154, b'background': 2105386}, {b'bold': True}, []]]
grid_line :: [b'grid_line', [2, 1, 0, [[b' ', 486, 70], [b'\xe2\x96\x84'], [b'\xe2\x96\x88', 486, 6], [b'\xe2\x96\x84'], [b' ', 486, 2], [b' ', 67, 0]], False], [2, 2, 0, [[b' ', 486, 66], [b'\xe2\x96\x84'], [b'\xe2\x96\x88'], [b'\xe2\x96\x80', 486, 5], [b'\xe2\x96\x88', 486, 2], [b'\xe2\x96\x80', 486, 5]], Fals
grid_line :: [b'grid_line', [2, 7, 0, [[b' ', 486], [b'\xe2\x96\x88', 486, 2], [b'\xe2\x95\x91'], [b' '], [b'\xe2\x95\x9a'], [b'\xe2\x96\x88', 486, 4], [b'\xe2\x95\x91'], [b' '], [b'\xe2\x96\x88', 486, 7], [b'\xe2\x95\x97'], [b'\xe2\x95\x9a'], [b'\xe2\x96\x88', 486, 6], [b'\xe2\x95\x94'], [b'\xe2\x95\x9d'], [b' 
hl_attr_define :: [b'hl_attr_define', [487, {b'italic': True, b'foreground': 13491193, b'background': 2105386}, {b'italic': True, b'foreground': 14}, []]]
grid_line :: [b'grid_line', [2, 12, 0, [[b' ', 67, 10], [b'\xef\x87\x9a', 487], [b' ', 487, 2], [b'R', 486], [b'e'], [b'c'], [b'e'], [b'n'], [b't'], [b' '], [b'F'], [b'i'], [b'l'], [b'e'], [b's'], [b' ', 486, 45], [b' ', 67, 10]], False]]
hl_attr_define :: [b'hl_attr_define', [488, {b'foreground': 15256743, b'background': 2105386}, {}, []]]
grid_line :: [b'grid_line', [2, 13, 0, [[b' ', 67, 10], [b' ', 487, 2], [b'\xf3\xb0\x88\x94'], [b' ', 487, 2], [b'~', 107], [b'/'], [b'h'], [b'e'], [b'r'], [b'm'], [b'e'], [b's'], [b'-'], [b'w'], [b'e'], [b'b'], [b'u'], [b'i'], [b'/'], [b'.', 487], [b'e'], [b'n'], [b'v'], [b'.'], [b'e'], [b'x'], [b'a'], [b'm'], 
hl_attr_define :: [b'hl_attr_define', [489, {b'foreground': 9035857, b'background': 2105386}, {b'foreground': 113}, []]]
grid_line :: [b'grid_line', [2, 14, 0, [[b' ', 67, 10], [b' ', 489, 2], [b'\xf3\xb0\x88\x99'], [b' ', 489, 2], [b'~', 107], [b'/'], [b'A'], [b'p', 107, 2], [b'D'], [b'a'], [b't'], [b'a'], [b'/'], [b'L'], [b'o'], [b'c'], [b'a'], [b'l'], [b'/'], [b'T'], [b'e'], [b'm'], [b'p'], [b'/'], [b'r', 487], [b'z'], [b'_'], 
hl_attr_define :: [b'hl_attr_define', [490, {b'foreground': 13491193, b'background': 2105386}, {b'foreground': 14}, []]]
grid_line :: [b'grid_line', [2, 17, 0, [[b' ', 67, 10], [b' ', 490, 2], [b'\xf3\xb0\x89\x8b'], [b' ', 490, 2], [b'~', 107], [b'/'], [b'h', 487], [b'e'], [b'r'], [b'm'], [b'e'], [b's'], [b'-'], [b'w'], [b'e'], [b'b'], [b'u'], [b'i'], [b' ', 67, 39], [b' ', 488], [b'3'], [b' ', 67, 10]], False], [2, 18, 0, [[b' ',
hl_attr_define :: [b'hl_attr_define', [491, {b'foreground': 2105386, b'background': 2105386}, {}, []]]
grid_line :: [b'grid_line', [2, 29, 0, [[b' ', 491], [b' ', 491, 79]], False]]
win_viewport :: [b'win_viewport', [2, ExtType(code=1, data=b'\xcd\x03\xe8'), 0, 30, 13, 18, 29, 0]]
grid_cursor_goto :: [b'grid_cursor_goto', [2, 13, 15]]
mode_info_set :: [b'mode_info_set', [True, [{b'name': b'normal', b'short_name': b'n', b'mouse_shape': 0, b'cursor_shape': b'block', b'cell_percentage': 0, b'blinkwait': 0, b'blinkon': 0, b'blinkoff': 0, b'hl_id': 0, b'id_lm': 0, b'attr_id': 0, b'attr_id_lm': 0}, {b'name': b'visual', b'short_name': b'v', b'mouse_shap
mode_change :: [b'mode_change', [b'normal', 0]]
mouse_on :: [b'mouse_on', []]
flush :: [b'flush', []]
win_viewport :: [b'win_viewport', [2, ExtType(code=1, data=b'\xcd\x03\xe8'), 0, 30, 13, 18, 29, 0]]
flush :: [b'flush', []]

########## AFTER open floating window : 13 msgs ##########
win_viewport_margins :: [b'win_viewport_margins', [4, ExtType(code=1, data=b'\xcd\x03\xe9'), 1, 1, 1, 1]]
grid_resize :: [b'grid_resize', [4, 22, 10]]
grid_line :: [b'grid_line', [4, 0, 0, [[b'\xe2\x95\xad', 195], [b'\xe2\x94\x80', 195, 20], [b'\xe2\x95\xae']], False], [4, 1, 0, [[b'\xe2\x94\x82', 195]], False], [4, 1, 21, [[b'\xe2\x94\x82', 195]], False], [4, 2, 0, [[b'\xe2\x94\x82', 195]], False], [4, 2, 21, [[b'\xe2\x94\x82', 195]], False], [4, 3, 0, [[b'\x
hl_attr_define :: [b'hl_attr_define', [492, {b'bold': True, b'foreground': 4475230, b'background': 2895422, b'blend': 10}, {b'reverse': True, b'bold': True, b'blend': 10}, []]]
grid_line :: [b'grid_line', [4, 1, 1, [[b' ', 492, 2], [b'1'], [b' ', 492, 3], [b'F', 195], [b'L'], [b'O'], [b'A'], [b'T'], [b' '], [b'L'], [b'I'], [b'N'], [b'E'], [b' '], [b'0'], [b'\xe2\x86\xb2', 492], [b' ', 195, 1]], False], [4, 2, 1, [[b' ', 492, 2], [b'2'], [b' ', 492, 3], [b'F', 195], [b'L'], [b'O'], [b'A
win_viewport :: [b'win_viewport', [2, ExtType(code=1, data=b'\xcd\x03\xe8'), 0, 30, 13, 18, 29, 0]]
win_float_pos :: [b'win_float_pos', [4, ExtType(code=1, data=b'\xcd\x03\xe9'), b'NW', 1, 11.0, 30.0, True, 50, 1, 11, 30]]
win_viewport :: [b'win_viewport', [4, ExtType(code=1, data=b'\xcd\x03\xe9'), 0, 8, 0, 0, 8, 0]]
msg_set_pos :: [b'msg_set_pos', [3, 30, False, b' ', 200, 2]]
grid_cursor_goto :: [b'grid_cursor_goto', [4, 1, 7]]
flush :: [b'flush', []]
win_viewport :: [b'win_viewport', [2, ExtType(code=1, data=b'\xcd\x03\xe8'), 0, 30, 13, 18, 29, 0], [4, ExtType(code=1, data=b'\xcd\x03\xe9'), 0, 8, 0, 0, 8, 0]]
flush :: [b'flush', []]
