T+  1.501 redraw n=7 events=['option_set', 'set_icon', 'set_title', 'chdir', 'option_set', 'default_colors_set', 'hl_attr_define']
T+  1.501 redraw n=1 events=['hl_attr_define']
T+  1.501 redraw n=15 events=['hl_attr_define', 'hl_group_set', 'option_set', 'grid_resize', 'msg_set_pos', 'default_colors_set', 'grid_resize', 'win_viewport_margins', 'grid_clear', 'msg_set_pos', 'grid_resize', 'msg_set_pos', 'grid_line', 'grid_resize', 'grid_line']
T+  1.502 redraw n=7 events=['grid_line', 'win_pos', 'win_viewport', 'grid_cursor_goto', 'mode_info_set', 'mouse_on', 'flush']
T+  1.502 redraw n=3 events=['win_viewport_margins', 'option_set', 'hl_attr_define']
T+  1.503 redraw n=1 events=['hl_attr_define']
T+  1.504 rpc resp id=999 type=1
T+  1.617 redraw n=7 events=['hl_attr_define', 'chdir', 'win_pos', 'grid_resize', 'grid_line', 'hl_attr_define', 'grid_line']
T+  1.618 redraw n=14 events=['grid_line', 'hl_attr_define', 'grid_line', 'hl_attr_define', 'grid_line', 'hl_attr_define', 'grid_line', 'hl_attr_define', 'grid_line', 'hl_attr_define', 'grid_line', 'win_viewport', 'grid_cursor_goto', 'mode_info_set']
T+  1.618 redraw n=3 events=['mode_change', 'mouse_on', 'flush']
T+  1.670 redraw n=2 events=['win_viewport', 'flush']
T+  2.185 rpc resp id=1 type=1
T+  2.695 rpc resp id=1 type=1
T+  3.197 rpc resp id=1 type=1
T+  3.708 rpc resp id=1 type=1
T+  4.220 rpc resp id=1 type=1
T+  4.731 rpc resp id=1 type=1
T+  5.245 rpc resp id=1 type=1
T+  5.759 rpc resp id=1 type=1
T+  6.266 rpc resp id=1 type=1
T+  6.799 rpc resp id=1 type=1
T+  6.800 redraw n=11 events=['win_viewport_margins', 'grid_resize', 'grid_line', 'hl_attr_define', 'grid_line', 'win_viewport', 'win_float_pos', 'win_viewport', 'msg_set_pos', 'grid_cursor_goto', 'flush']
T+  7.804 redraw n=2 events=['win_viewport', 'flush']
T+  7.805 rpc resp id=1 type=1
